TODO:filename:8: Type error: type mismatch;
  found   : 123
  required: 'foo'
there is no solution that satisfies subtype constraints
TODO:filename:8: Type error: type mismatch;
  found   : 'foo'
  required: 123
there is no solution that satisfies subtype constraints
TODO:filename:-1: Type error: type mismatch;
  found   : 'ok'
  required: 1
there is no solution that satisfies subtype constraints
TODO:filename:-1: Type error: type mismatch;
  found   : 1
  required: 'ok'
there is no solution that satisfies subtype constraints
